do local init_fn = function(...)

    script_key = script_key or getgenv().script_key
end;
init_fn(...); end;
