0000 LOADK R0 0
0001 LOADK R1 0
0002 LOADK R2 'foobar'
0003 JMP 4
0004 RETURN R2
