local sum = 4
print('hello from v14.4.1!')
return 'ok'
